******************************************************************************
                  TI ARM Linker PC v20.2.4                     
******************************************************************************
>> Linked Sun Jul  4 11:41:29 2021

OUTPUT FILE NAME:   <pwmled2_CC3220S_LAUNCHXL_nortos_ccs.out>
ENTRY POINT SYMBOL: "resetISR"  address: 2000e355


MEMORY CONFIGURATION

         name            origin    length      used     unused   attr    fill
----------------------  --------  ---------  --------  --------  ----  --------
  SRAM2                 20000000   00004000  0000130c  00002cf4  RW X
  SRAM                  20004000   0003c000  0000ad10  000312f0  RW X
  LOG_DATA              90000000   00040000  00000000  00040000  R   


SEGMENT ALLOCATION MAP

run origin  load origin   length   init length attrs members
----------  ----------- ---------- ----------- ----- -------
20003000    20003000    00001000   00000000    rw-
  20003000    20003000    00001000   00000000    rw- .stack
20004000    20004000    00000040   00000040    r--
  20004000    20004000    00000040   00000040    r-- .resetVecs
20004040    20004040    00008000   00000000    rw-
  20004040    20004040    00008000   00000000    rw- .sysmem
2000c040    2000c040    000027df   000027df    r-x
  2000c040    2000c040    0000251c   0000251c    r-x .text
  2000e55c    2000e55c    000002c3   000002c3    r-- .const
2000e820    2000e820    0000041c   00000000    rw-
  2000e820    2000e820    0000027d   00000000    rw- .data
  2000eaa0    2000eaa0    0000019c   00000000    rw- .bss
2000ec40    2000ec40    000000d8   000000d8    r--
  2000ec40    2000ec40    000000d8   000000d8    r-- .cinit


SECTION ALLOCATION MAP

 output                                  attributes/
section   page    origin      length       input sections
--------  ----  ----------  ----------   ----------------
.text      0    2000c040    0000251c     
                  2000c040    0000042c     driverlib.a : prcm.obj (.text:PRCMCC3200MCUInit)
                  2000c46c    0000019c     nortos_cc32xx.a : PowerCC32XX_nortos.oem4 (.text:PowerCC32XX_sleepPolicy)
                  2000c608    00000148     drivers_cc32xx.a : PowerCC32XX.oem4 (.text:parkPins)
                  2000c750    00000140                      : PWMTimerCC32XX.oem4 (.text:PWMTimerCC32XX_setDutyAndPeriod)
                  2000c890    00000138                      : PowerCC32XX.oem4 (.text:Power_sleep)
                  2000c9c8    000000f0                      : PWMTimerCC32XX.oem4 (.text:PWMTimerCC32XX_open)
                  2000cab8    000000d4     pwmled2.obj (.text:mainThread)
                  2000cb8c    000000c4     drivers_cc32xx.a : PWMTimerCC32XX.oem4 (.text:PWMTimerCC32XX_stop)
                  2000cc50    000000c0                      : PowerCC32XX.oem4 (.text:restoreParkedPins)
                  2000cd10    000000b8                      : PWMTimerCC32XX.oem4 (.text:PWMTimerCC32XX_setDuty)
                  2000cdc8    000000a8     driverlib.a : interrupt.obj (.text:IntEnable)
                  2000ce70    000000a8     drivers_cc32xx.a : PowerCC32XX.oem4 (.text:PowerCC32XX_configureWakeup)
                  2000cf18    000000a4                      : PWMTimerCC32XX.oem4 (.text:initHw)
                  2000cfbc    000000a0     nortos_cc32xx.a : SemaphoreP_nortos.oem4 (.text:SemaphoreP_pend)
                  2000d05c    0000009c     rtsv7M4_T_le_eabi.lib : memcpy_t2.asm.obj (.text)
                  2000d0f8    00000098     drivers_cc32xx.a : PWMTimerCC32XX.oem4 (.text:PWMTimerCC32XX_setPeriod)
                  2000d190    00000096     rtsv7M4_T_le_eabi.lib : ull_div_t2.asm.obj (.text)
                  2000d226    00000002     ti_drivers_config.obj (.text:Board_initHook)
                  2000d228    00000090     drivers_cc32xx.a : PowerCC32XX.oem4 (.text:restoreNVICRegs)
                  2000d2b8    00000088     driverlib.a : interrupt.obj (.text:IntPendSet)
                  2000d340    00000088     drivers_cc32xx.a : PWMTimerCC32XX.oem4 (.text:PWMTimerCC32XX_close)
                  2000d3c8    00000088     driverlib.a : pin.obj (.text:PinConfigSet)
                  2000d450    00000084     drivers_cc32xx.a : PowerCC32XX.oem4 (.text:Power_init)
                  2000d4d4    00000084                      : PowerCC32XX.oem4 (.text:saveNVICRegs)
                  2000d558    00000080                      : PowerCC32XX.oem4 (.text:Power_setDependency)
                  2000d5d8    00000068                      : PWMTimerCC32XX.oem4 (.text:PWMTimerCC32XX_start)
                  2000d640    00000068     rtsv7M4_T_le_eabi.lib : copy_decompress_lzss.c.obj (.text:decompress:lzss:__TI_decompress_lzss)
                  2000d6a8    00000064     drivers_cc32xx.a : PowerCC32XX.oem4 (.text:PowerCC32XX_setParkState)
                  2000d70c    00000060     driverlib.a : prcm.obj (.text:PRCMSysResetCauseGet)
                  2000d76c    00000060     nortos_cc32xx.a : ClockPSysTick_nortos.oem4 (.text:getTimeUsec)
                  2000d7cc    0000005c                     : ClockPSysTick_nortos.oem4 (.text:sysTickInit)
                  2000d828    00000058     driverlib.a : prcm.obj (.text:PRCMPeripheralReset)
                  2000d880    00000058     drivers_cc32xx.a : PowerCC32XX.oem4 (.text:Power_releaseDependency)
                  2000d8d8    00000052                      : PowerCC32XX_asm.oem4 (.text:PowerCC32XX_resumeLPDS)
                  2000d92a    00000002                      : PWMTimerCC32XX.oem4 (.text:PWMTimerCC32XX_init)
                  2000d92c    00000050     nortos_cc32xx.a : ClockPSysTick_nortos.oem4 (.text:ClockP_sysTickHandler)
                  2000d97c    00000050                     : SemaphoreP_nortos.oem4 (.text:SemaphoreP_construct)
                  2000d9cc    00000050     drivers_cc32xx.a : TimerCC32XX.oem4 (.text:TimerCC32XX_allocateTimerResource)
                  2000da1c    0000004c                      : PowerCC32XX.oem4 (.text:PowerCC32XX_parkPin)
                  2000da68    0000004c                      : PWMTimerCC32XX.oem4 (.text:getDutyCounts)
                  2000dab4    0000004c                      : PWMTimerCC32XX.oem4 (.text:getPeriodCounts)
                  2000db00    0000004c                      : PowerCC32XX.oem4 (.text:restorePeriphClocks)
                  2000db4c    00000048     nortos_cc32xx.a : ClockPSysTick_nortos.oem4 (.text:ClockP_usleep)
                  2000db94    00000048     driverlib.a : flash.obj (.text:FlashDisable)
                  2000dbdc    00000048                 : prcm.obj (.text:PRCMLPDSEnter)
                  2000dc24    00000048                 : prcm.obj (.text:PRCMPeripheralClkEnable)
                  2000dc6c    00000048     drivers_cc32xx.a : PowerCC32XX.oem4 (.text:Power_releaseConstraint)
                  2000dcb4    00000044     nortos_cc32xx.a : ClockPSysTick_nortos.oem4 (.text:ClockP_stop)
                  2000dcf8    00000044     driverlib.a : prcm.obj (.text:PRCMLPDSRestoreInfoSet)
                  2000dd3c    00000044     drivers_cc32xx.a : PWM.oem4 (.text:PWM_init)
                  2000dd80    00000044                      : PowerCC32XX_asm.oem4 (.text:PowerCC32XX_enterLPDS)
                  2000ddc4    00000044     nortos_cc32xx.a : SwiP_nortos.oem4 (.text:SwiP_restore)
                  2000de08    00000044     rtsv7M4_T_le_eabi.lib : autoinit.c.obj (.text:__TI_auto_init_nobinit_nopinit:__TI_auto_init_nobinit_nopinit)
                  2000de4c    00000040     drivers_cc32xx.a : PWM.oem4 (.text:PWM_open)
                  2000de8c    00000040     driverlib.a : pin.obj (.text:PinModeSet)
                  2000decc    0000003c     nortos_cc32xx.a : ClockPSysTick_nortos.oem4 (.text:ClockP_destruct)
                  2000df08    0000003c     drivers_cc32xx.a : PowerCC32XX.oem4 (.text:Power_setConstraint)
                  2000df44    0000003a     nortos_cc32xx.a : PowerCC32XX_nortos.oem4 (.text:getCountsRTC)
                  2000df7e    0000003a     drivers_cc32xx.a : PWMTimerCC32XX.oem4 (.text:getPowerMgrId)
                  2000dfb8    00000038     driverlib.a : prcm.obj (.text:PRCMLPDSEnterKeepDebugIf)
                  2000dff0    00000038     nortos_cc32xx.a : ClockPSysTick_nortos.oem4 (.text:addToList)
                  2000e028    00000038                     : startup_cc32xx_ccs.oem4 (.text:initVectors)
                  2000e060    00000038     drivers_cc32xx.a : PowerCC32XX.oem4 (.text:notify)
                  2000e098    00000034     nortos_cc32xx.a : ClockPSysTick_nortos.oem4 (.text:ClockP_getTicksUntilInterrupt)
                  2000e0cc    00000034                     : ClockPSysTick_nortos.oem4 (.text:ClockP_startup)
                  2000e100    00000034     driverlib.a : pin.obj (.text:PinModeGet)
                  2000e134    00000034     drivers_cc32xx.a : TimerCC32XX.oem4 (.text:TimerCC32XX_freeTimerResource)
                  2000e168    00000034                      : TimerCC32XX.oem4 (.text:getPowerMgrId)
                  2000e19c    00000030     nortos_cc32xx.a : ClockPSysTick_nortos.oem4 (.text:ClockP_start)
                  2000e1cc    00000030     drivers_cc32xx.a : PowerCC32XX.oem4 (.text:PowerCC32XX_restoreParkedPin)
                  2000e1fc    00000028     driverlib.a : prcm.obj (.text:PRCMPeripheralClkDisable)
                  2000e224    00000028     drivers_cc32xx.a : PowerCC32XX.oem4 (.text:Power_registerNotify)
                  2000e24c    00000026                      : List.oem4 (.text:List_put)
                  2000e272    00000026                      : List.oem4 (.text:List_remove)
                  2000e298    00000024     rtsv7M4_T_le_eabi.lib : boot_cortex_m.c.obj (.text:_c_int00_noargs:_c_int00_noargs)
                  2000e2bc    00000024     nortos_cc32xx.a : ClockPSysTick_nortos.oem4 (.text:sleepTicks)
                  2000e2e0    00000020     drivers_cc32xx.a : PowerCC32XX.oem4 (.text:Power_unregisterNotify)
                  2000e300    0000001c     driverlib.a : pin.obj (.text:PinToPadGet)
                  2000e31c    0000001c     nortos_cc32xx.a : SwiP_nortos.oem4 (.text:SwiP_disable)
                  2000e338    0000001c     rtsv7M4_T_le_eabi.lib : copy_zero_init.c.obj (.text:decompress:ZI:__TI_zero_init_nomemset:__TI_zero_init_nomemset)
                  2000e354    0000001a     nortos_cc32xx.a : startup_cc32xx_ccs.oem4 (.text:resetISR)
                  2000e36e    00000002                     : PowerCC32XX_nortos.oem4 (.text:PowerCC32XX_initPolicy)
                  2000e370    00000018     drivers_cc32xx.a : PowerCC32XX.oem4 (.text:Power_getTransitionLatency)
                  2000e388    00000018                      : PowerCC32XX.oem4 (.text:Power_idleFunc)
                  2000e3a0    00000018     rtsv7M4_T_le_eabi.lib : ll_mul_t2.asm.obj (.text)
                  2000e3b8    00000016     driverlib.a : prcm.obj (.text:PRCMHIBRegRead)
                  2000e3ce    00000016                 : prcm.obj (.text:PRCMHIBRegWrite)
                  2000e3e4    00000014                 : cpu.obj (.text:CPUcpsid)
                  2000e3f8    00000014                 : interrupt.obj (.text:IntVTableBaseSet)
                  2000e40c    00000014     drivers_cc32xx.a : PWM.oem4 (.text:PWM_Params_init)
                  2000e420    00000014                      : PowerCC32XX.oem4 (.text:Power_getDependencyCount)
                  2000e434    00000012     main_nortos.obj (.text:main)
                  2000e446    00000012     drivers_cc32xx.a : PWMTimerCC32XX.oem4 (.text:postNotifyFxn)
                  2000e458    00000010     ti_drivers_config.obj (.text:Board_init)
                  2000e468    00000010     nortos_cc32xx.a : ClockPSysTick_nortos.oem4 (.text:ClockP_add)
                  2000e478    00000010                     : ClockPSysTick_nortos.oem4 (.text:ClockP_getCpuFreq)
                  2000e488    00000010                     : ClockPSysTick_nortos.oem4 (.text:ClockP_getSystemTicks)
                  2000e498    00000010                     : ClockPSysTick_nortos.oem4 (.text:ClockP_setTicks)
                  2000e4a8    00000010                     : HwiPCC32XX_nortos.oem4 (.text:HwiP_restore)
                  2000e4b8    00000010     drivers_cc32xx.a : PowerCC32XX.oem4 (.text:Power_enablePolicy)
                  2000e4c8    00000010     nortos_cc32xx.a : SemaphoreP_nortos.oem4 (.text:SemaphoreP_Params_init)
                  2000e4d8    0000000e                     : HwiPCC32XX_nortos.oem4 (.text:HwiP_disable)
                  2000e4e6    0000000e                     : HwiPCC32XX_nortos.oem4 (.text:HwiP_enable)
                  2000e4f4    0000000e     rtsv7M4_T_le_eabi.lib : copy_decompress_none.c.obj (.text:decompress:none:__TI_decompress_none)
                  2000e502    00000002     nortos_cc32xx.a : SemaphoreP_nortos.oem4 (.text:SemaphoreP_destruct)
                  2000e504    0000000c     drivers_cc32xx.a : PowerCC32XX.oem4 (.text:Power_getConstraintMask)
                  2000e510    0000000a     nortos_cc32xx.a : ClockPSysTick_nortos.oem4 (.text:ClockP_isActive)
                  2000e51a    0000000a     driverlib.a : interrupt.obj (.text:IntMasterDisable)
                  2000e524    0000000a     drivers_cc32xx.a : PWM.oem4 (.text:PWM_setDuty)
                  2000e52e    0000000a                      : PWM.oem4 (.text:PWM_start)
                  2000e538    00000006                      : PWMTimerCC32XX.oem4 (.text:PWMTimerCC32XX_control)
                  2000e53e    00000006     driverlib.a : utils.obj (.text:UtilsDelay)
                  2000e544    00000004     nortos_cc32xx.a : HwiPCC32XX_nortos.oem4 (.text:HwiP_post)
                  2000e548    00000004     rtsv7M4_T_le_eabi.lib : pre_init.c.obj (.text:_system_pre_init)
                  2000e54c    00000004                           : exit.c.obj (.text:abort:abort)
                  2000e550    00000002     nortos_cc32xx.a : startup_cc32xx_ccs.oem4 (.text:busFaultHandler)
                  2000e552    00000002                     : SemaphoreP_nortos.oem4 (.text:clkFxn)
                  2000e554    00000002                     : startup_cc32xx_ccs.oem4 (.text:defaultHandler)
                  2000e556    00000002                     : startup_cc32xx_ccs.oem4 (.text:faultISR)
                  2000e558    00000002                     : startup_cc32xx_ccs.oem4 (.text:nmiISR)
                  2000e55a    00000002     rtsv7M4_T_le_eabi.lib : div0.asm.obj (.text)

.const     0    2000e55c    000002c3     
                  2000e55c    00000100     driverlib.a : pin.obj (.const:g_ulPinToPadMap)
                  2000e65c    000000a8                 : prcm.obj (.const:PRCM_PeriphRegsList)
                  2000e704    00000044     ti_drivers_config.obj (.const:PowerCC32XX_config)
                  2000e748    00000024     drivers_cc32xx.a : PWMTimerCC32XX.oem4 (.const:PWMTimerCC32XX_fxnTable)
                  2000e76c    00000020                      : PWMTimerCC32XX.oem4 (.const:gpioPinIndexes)
                  2000e78c    00000018     ti_drivers_config.obj (.const:PWM_config)
                  2000e7a4    00000018     drivers_cc32xx.a : PWM.oem4 (.const:PWM_defaultParams)
                  2000e7bc    00000018     driverlib.a : interrupt.obj (.const:g_pulEnRegs)
                  2000e7d4    00000018                 : interrupt.obj (.const:g_pulPendRegs)
                  2000e7ec    00000010     drivers_cc32xx.a : PWMTimerCC32XX.oem4 (.const:gpioBaseAddresses)
                  2000e7fc    00000010                      : PWMTimerCC32XX.oem4 (.const:timerBaseAddresses)
                  2000e80c    00000008     ti_drivers_config.obj (.const:pwmTimerCC32XXHWAttrs)
                  2000e814    00000008     drivers_cc32xx.a : PWMTimerCC32XX.oem4 (.const:timerHalves)
                  2000e81c    00000003     ti_drivers_config.obj (.const)

.cinit     0    2000ec40    000000d8     
                  2000ec40    000000b0     (.cinit..data.load) [load image, compression = lzss]
                  2000ecf0    0000000c     (__TI_handler_table)
                  2000ecfc    00000004     --HOLE-- [fill = 0]
                  2000ed00    00000008     (.cinit..bss.load) [load image, compression = zero_init]
                  2000ed08    00000010     (__TI_cinit_table)

.init_array 
*          0    20004000    00000000     UNINITIALIZED

.ramVecs   0    20000000    0000030c     NOLOAD SECTION
                  20000000    0000030c     nortos_cc32xx.a : startup_cc32xx_ccs.oem4 (.ramVecs)

.stack     0    20003000    00001000     UNINITIALIZED
                  20003000    00000004     rtsv7M4_T_le_eabi.lib : boot_cortex_m.c.obj (.stack)
                  20003004    00000ffc     --HOLE--

.resetVecs 
*          0    20004000    00000040     
                  20004000    00000040     nortos_cc32xx.a : startup_cc32xx_ccs.oem4 (.resetVecs:retain)

.sysmem    0    20004040    00008000     UNINITIALIZED
                  20004040    00000010     rtsv7M4_T_le_eabi.lib : memory.c.obj (.sysmem)
                  20004050    00007ff0     --HOLE--

.data      0    2000e820    0000027d     UNINITIALIZED
                  2000e820    0000016c     drivers_cc32xx.a : PowerCC32XX.oem4 (.data:PowerCC32XX_module)
                  2000e98c    000000f8     ti_drivers_config.obj (.data:parkInfo)
                  2000ea84    00000008     nortos_cc32xx.a : SemaphoreP_nortos.oem4 (.data:SemaphoreP_defaultParams)
                  2000ea8c    00000008                     : HwiPCC32XX_nortos.oem4 (.data)
                  2000ea94    00000005                     : ClockPSysTick_nortos.oem4 (.data)
                  2000ea99    00000003                     : SemaphoreP_nortos.oem4 (.data)
                  2000ea9c    00000001     drivers_cc32xx.a : PWM.oem4 (.data)

.bss       0    2000eaa0    0000019c     UNINITIALIZED
                  2000eaa0    0000012c     (.common:PowerCC32XX_contextSave)
                  2000ebcc    00000048     (.common:pwmTimerCC32XXObjects)
                  2000ec14    00000004     nortos_cc32xx.a : ClockPSysTick_nortos.oem4 (.bss)
                  2000ec18    00000010     (.common:ClockP_ctrl)
                  2000ec28    0000000d                     : SwiP_nortos.oem4 (.bss)
                  2000ec35    00000003     --HOLE--
                  2000ec38    00000004     drivers_cc32xx.a : TimerCC32XX.oem4 (.bss:timerState)

.log_data 
*          0    90000000    00000000     COPY SECTION

__llvm_prf_cnts 
*          0    20004000    00000000     UNINITIALIZED

MODULE SUMMARY

       Module                       code   ro data   rw data
       ------                       ----   -------   -------
    .\
       pwmled2.obj                  212    0         0      
       main_nortos.obj              18     0         0      
    +--+----------------------------+------+---------+---------+
       Total:                       230    0         0      
                                                            
    .\syscfg\
       ti_drivers_config.obj        18     103       320    
    +--+----------------------------+------+---------+---------+
       Total:                       18     103       320    
                                                            
    D:/School/CS 350/simplelink_cc32xx_sdk_5_10_00_02/kernel/nortos/lib/ccs/m4/nortos_cc32xx.a
       startup_cc32xx_ccs.oem4      90     64        780    
       ClockPSysTick_nortos.oem4    786    0         25     
       PowerCC32XX_nortos.oem4      472    0         0      
       SemaphoreP_nortos.oem4       260    0         11     
       SwiP_nortos.oem4             96     0         13     
       HwiPCC32XX_nortos.oem4       48     0         8      
    +--+----------------------------+------+---------+---------+
       Total:                       1752   64        837    
                                                            
    D:/School/CS 350/simplelink_cc32xx_sdk_5_10_00_02/source/ti/devices/cc32xx/driverlib/ccs/Release/driverlib.a
       prcm.obj                     1604   168       0      
       pin.obj                      280    256       0      
       interrupt.obj                334    48        0      
       flash.obj                    72     0         0      
       cpu.obj                      20     0         0      
       utils.obj                    6      0         0      
    +--+----------------------------+------+---------+---------+
       Total:                       2316   472       0      
                                                            
    D:/School/CS 350/simplelink_cc32xx_sdk_5_10_00_02/source/ti/drivers/lib/ccs/m4/drivers_cc32xx.a
       PowerCC32XX.oem4             2280   0         664    
       PWMTimerCC32XX.oem4          1732   108       0      
       PWM.oem4                     172    24        1      
       TimerCC32XX.oem4             184    0         4      
       PowerCC32XX_asm.oem4         150    0         0      
       List.oem4                    76     0         0      
    +--+----------------------------+------+---------+---------+
       Total:                       4594   132       669    
                                                            
    D:\School\CS 350\ccs\tools\compiler\ti-cgt-arm_20.2.4.LTS\lib\rtsv7M4_T_le_eabi.lib
       memcpy_t2.asm.obj            156    0         0      
       ull_div_t2.asm.obj           150    0         0      
       copy_decompress_lzss.c.obj   104    0         0      
       autoinit.c.obj               68     0         0      
       boot_cortex_m.c.obj          36     0         0      
       copy_zero_init.c.obj         28     0         0      
       ll_mul_t2.asm.obj            24     0         0      
       copy_decompress_none.c.obj   14     0         0      
       exit.c.obj                   4      0         0      
       pre_init.c.obj               4      0         0      
       div0.asm.obj                 2      0         0      
    +--+----------------------------+------+---------+---------+
       Total:                       590    0         0      
                                                            
       Heap:                        0      0         32768  
       Stack:                       0      0         4096   
       Linker Generated:            0      212       0      
    +--+----------------------------+------+---------+---------+
       Grand Total:                 9500   983       38690  


LINKER GENERATED COPY TABLES

__TI_cinit_table @ 2000ed08 records: 2, size/record: 8, table size: 16
	.data: load addr=2000ec40, load size=000000b0 bytes, run addr=2000e820, run size=0000027d bytes, compression=lzss
	.bss: load addr=2000ed00, load size=00000008 bytes, run addr=2000eaa0, run size=0000019c bytes, compression=zero_init


LINKER GENERATED HANDLER TABLE

__TI_handler_table @ 2000ecf0 records: 3, size/record: 4, table size: 12
	index: 0, handler: __TI_decompress_lzss
	index: 1, handler: __TI_decompress_none
	index: 2, handler: __TI_zero_init


GLOBAL SYMBOLS: SORTED ALPHABETICALLY BY Name 

address   name                             
-------   ----                             
2000e459  Board_init                       
2000d227  Board_initHook                   
2000e54d  C$$EXIT                          
2000e81c  CONFIG_PWM_0_CONST               
2000e81d  CONFIG_PWM_1_CONST               
2000e3e5  CPUcpsid                         
2000e469  ClockP_add                       
2000ec18  ClockP_ctrl                      
2000decd  ClockP_destruct                  
2000d92d  ClockP_doTick                    
2000e479  ClockP_getCpuFreq                
2000e489  ClockP_getSystemTicks            
2000e099  ClockP_getTicksUntilInterrupt    
2000e511  ClockP_isActive                  
2000e499  ClockP_setTicks                  
2000e19d  ClockP_start                     
2000e0cd  ClockP_startup                   
2000dcb5  ClockP_stop                      
2000d92d  ClockP_sysTickHandler            
2000ea94  ClockP_tickPeriod                
2000db4d  ClockP_usleep                    
2000db95  FlashDisable                     
2000e4d9  HwiP_disable                     
2000e4e7  HwiP_enable                      
2000ea8c  HwiP_key                         
2000e545  HwiP_post                        
2000e4a9  HwiP_restore                     
2000ea90  HwiP_swiPIntNum                  
UNDEFED   ITM_flush                        
UNDEFED   ITM_restore                      
2000cdc9  IntEnable                        
2000e51b  IntMasterDisable                 
2000d2b9  IntPendSet                       
2000e3f9  IntVTableBaseSet                 
2000e24d  List_put                         
2000e273  List_remove                      
2000e4e7  NoRTOS_start                     
2000c041  PRCMCC3200MCUInit                
2000e3b9  PRCMHIBRegRead                   
2000e3cf  PRCMHIBRegWrite                  
2000dbdd  PRCMLPDSEnter                    
2000dfb9  PRCMLPDSEnterKeepDebugIf         
2000dcf9  PRCMLPDSRestoreInfoSet           
2000e1fd  PRCMPeripheralClkDisable         
2000dc25  PRCMPeripheralClkEnable          
2000d829  PRCMPeripheralReset              
2000d70d  PRCMSysResetCauseGet             
2000d341  PWMTimerCC32XX_close             
2000e539  PWMTimerCC32XX_control           
2000e748  PWMTimerCC32XX_fxnTable          
2000d92b  PWMTimerCC32XX_init              
2000c9c9  PWMTimerCC32XX_open              
2000cd11  PWMTimerCC32XX_setDuty           
2000c751  PWMTimerCC32XX_setDutyAndPeriod  
2000d0f9  PWMTimerCC32XX_setPeriod         
2000d5d9  PWMTimerCC32XX_start             
2000cb8d  PWMTimerCC32XX_stop              
2000e40d  PWM_Params_init                  
2000e78c  PWM_config                       
2000e81e  PWM_count                        
2000e7a4  PWM_defaultParams                
2000dd3d  PWM_init                         
2000de4d  PWM_open                         
2000e525  PWM_setDuty                      
2000e52f  PWM_start                        
2000d3c9  PinConfigSet                     
2000e101  PinModeGet                       
2000de8d  PinModeSet                       
2000e301  PinToPadGet                      
2000e704  PowerCC32XX_config               
2000ce71  PowerCC32XX_configureWakeup      
2000eaa0  PowerCC32XX_contextSave          
2000dd81  PowerCC32XX_enterLPDS            
2000e36f  PowerCC32XX_initPolicy           
2000e820  PowerCC32XX_module               
2000da1d  PowerCC32XX_parkPin              
2000e1cd  PowerCC32XX_restoreParkedPin     
2000d8d9  PowerCC32XX_resumeLPDS           
2000d6a9  PowerCC32XX_setParkState         
2000c46d  PowerCC32XX_sleepPolicy          
2000e4b9  Power_enablePolicy               
2000e505  Power_getConstraintMask          
2000e421  Power_getDependencyCount         
2000e371  Power_getTransitionLatency       
2000e389  Power_idleFunc                   
2000d451  Power_init                       
2000e225  Power_registerNotify             
2000dc6d  Power_releaseConstraint          
2000d881  Power_releaseDependency          
2000df09  Power_setConstraint              
2000d559  Power_setDependency              
2000c891  Power_sleep                      
2000e2e1  Power_unregisterNotify           
2000e4c9  SemaphoreP_Params_init           
2000d97d  SemaphoreP_construct             
2000ea84  SemaphoreP_defaultParams         
2000e503  SemaphoreP_destruct              
2000cfbd  SemaphoreP_pend                  
2000e31d  SwiP_disable                     
2000ddc5  SwiP_restore                     
2000d9cd  TimerCC32XX_allocateTimerResource
2000e135  TimerCC32XX_freeTimerResource    
2000e53f  UtilsDelay                       
20004000  __STACK_END                      
00001000  __STACK_SIZE                     
00008000  __SYSMEM_SIZE                    
2000ed08  __TI_CINIT_Base                  
2000ed18  __TI_CINIT_Limit                 
2000ecf0  __TI_Handler_Table_Base          
2000ecfc  __TI_Handler_Table_Limit         
2000de09  __TI_auto_init_nobinit_nopinit   
2000d641  __TI_decompress_lzss             
2000e4f5  __TI_decompress_none             
ffffffff  __TI_pprof_out_hndl              
ffffffff  __TI_prof_data_size              
ffffffff  __TI_prof_data_start             
2000ec40  __TI_static_base__               
2000e339  __TI_zero_init_nomemset          
2000e55b  __aeabi_idiv0                    
2000e55b  __aeabi_ldiv0                    
2000e3a1  __aeabi_lmul                     
2000d05d  __aeabi_memcpy                   
2000d05d  __aeabi_memcpy4                  
2000d05d  __aeabi_memcpy8                  
2000d191  __aeabi_uldivmod                 
ffffffff  __binit__                        
ffffffff  __c_args__                       
UNDEFED   __mpu_init                       
20003000  __stack                          
20004000  __start___llvm_prf_cnts          
20004000  __stop___llvm_prf_cnts           
2000e299  _c_int00_noargs                  
20004040  _sys_memory                      
UNDEFED   _system_post_cinit               
2000e549  _system_pre_init                 
2000e54d  abort                            
ffffffff  binit                            
2000e553  clkFxn                           
2000e029  initVectors                      
2000e435  main                             
2000cab9  mainThread                       
2000d05d  memcpy                           
2000e98c  parkInfo                         
2000e80c  pwmTimerCC32XXHWAttrs            
2000ebcc  pwmTimerCC32XXObjects            
2000e355  resetISR                         
2000e368  resetVectorAddr                  
20004000  resetVectors                     
2000db4d  usleep                           


GLOBAL SYMBOLS: SORTED BY Symbol Address 

address   name                             
-------   ----                             
00001000  __STACK_SIZE                     
00008000  __SYSMEM_SIZE                    
20003000  __stack                          
20004000  __STACK_END                      
20004000  __start___llvm_prf_cnts          
20004000  __stop___llvm_prf_cnts           
20004000  resetVectors                     
20004040  _sys_memory                      
2000c041  PRCMCC3200MCUInit                
2000c46d  PowerCC32XX_sleepPolicy          
2000c751  PWMTimerCC32XX_setDutyAndPeriod  
2000c891  Power_sleep                      
2000c9c9  PWMTimerCC32XX_open              
2000cab9  mainThread                       
2000cb8d  PWMTimerCC32XX_stop              
2000cd11  PWMTimerCC32XX_setDuty           
2000cdc9  IntEnable                        
2000ce71  PowerCC32XX_configureWakeup      
2000cfbd  SemaphoreP_pend                  
2000d05d  __aeabi_memcpy                   
2000d05d  __aeabi_memcpy4                  
2000d05d  __aeabi_memcpy8                  
2000d05d  memcpy                           
2000d0f9  PWMTimerCC32XX_setPeriod         
2000d191  __aeabi_uldivmod                 
2000d227  Board_initHook                   
2000d2b9  IntPendSet                       
2000d341  PWMTimerCC32XX_close             
2000d3c9  PinConfigSet                     
2000d451  Power_init                       
2000d559  Power_setDependency              
2000d5d9  PWMTimerCC32XX_start             
2000d641  __TI_decompress_lzss             
2000d6a9  PowerCC32XX_setParkState         
2000d70d  PRCMSysResetCauseGet             
2000d829  PRCMPeripheralReset              
2000d881  Power_releaseDependency          
2000d8d9  PowerCC32XX_resumeLPDS           
2000d92b  PWMTimerCC32XX_init              
2000d92d  ClockP_doTick                    
2000d92d  ClockP_sysTickHandler            
2000d97d  SemaphoreP_construct             
2000d9cd  TimerCC32XX_allocateTimerResource
2000da1d  PowerCC32XX_parkPin              
2000db4d  ClockP_usleep                    
2000db4d  usleep                           
2000db95  FlashDisable                     
2000dbdd  PRCMLPDSEnter                    
2000dc25  PRCMPeripheralClkEnable          
2000dc6d  Power_releaseConstraint          
2000dcb5  ClockP_stop                      
2000dcf9  PRCMLPDSRestoreInfoSet           
2000dd3d  PWM_init                         
2000dd81  PowerCC32XX_enterLPDS            
2000ddc5  SwiP_restore                     
2000de09  __TI_auto_init_nobinit_nopinit   
2000de4d  PWM_open                         
2000de8d  PinModeSet                       
2000decd  ClockP_destruct                  
2000df09  Power_setConstraint              
2000dfb9  PRCMLPDSEnterKeepDebugIf         
2000e029  initVectors                      
2000e099  ClockP_getTicksUntilInterrupt    
2000e0cd  ClockP_startup                   
2000e101  PinModeGet                       
2000e135  TimerCC32XX_freeTimerResource    
2000e19d  ClockP_start                     
2000e1cd  PowerCC32XX_restoreParkedPin     
2000e1fd  PRCMPeripheralClkDisable         
2000e225  Power_registerNotify             
2000e24d  List_put                         
2000e273  List_remove                      
2000e299  _c_int00_noargs                  
2000e2e1  Power_unregisterNotify           
2000e301  PinToPadGet                      
2000e31d  SwiP_disable                     
2000e339  __TI_zero_init_nomemset          
2000e355  resetISR                         
2000e368  resetVectorAddr                  
2000e36f  PowerCC32XX_initPolicy           
2000e371  Power_getTransitionLatency       
2000e389  Power_idleFunc                   
2000e3a1  __aeabi_lmul                     
2000e3b9  PRCMHIBRegRead                   
2000e3cf  PRCMHIBRegWrite                  
2000e3e5  CPUcpsid                         
2000e3f9  IntVTableBaseSet                 
2000e40d  PWM_Params_init                  
2000e421  Power_getDependencyCount         
2000e435  main                             
2000e459  Board_init                       
2000e469  ClockP_add                       
2000e479  ClockP_getCpuFreq                
2000e489  ClockP_getSystemTicks            
2000e499  ClockP_setTicks                  
2000e4a9  HwiP_restore                     
2000e4b9  Power_enablePolicy               
2000e4c9  SemaphoreP_Params_init           
2000e4d9  HwiP_disable                     
2000e4e7  HwiP_enable                      
2000e4e7  NoRTOS_start                     
2000e4f5  __TI_decompress_none             
2000e503  SemaphoreP_destruct              
2000e505  Power_getConstraintMask          
2000e511  ClockP_isActive                  
2000e51b  IntMasterDisable                 
2000e525  PWM_setDuty                      
2000e52f  PWM_start                        
2000e539  PWMTimerCC32XX_control           
2000e53f  UtilsDelay                       
2000e545  HwiP_post                        
2000e549  _system_pre_init                 
2000e54d  C$$EXIT                          
2000e54d  abort                            
2000e553  clkFxn                           
2000e55b  __aeabi_idiv0                    
2000e55b  __aeabi_ldiv0                    
2000e704  PowerCC32XX_config               
2000e748  PWMTimerCC32XX_fxnTable          
2000e78c  PWM_config                       
2000e7a4  PWM_defaultParams                
2000e80c  pwmTimerCC32XXHWAttrs            
2000e81c  CONFIG_PWM_0_CONST               
2000e81d  CONFIG_PWM_1_CONST               
2000e81e  PWM_count                        
2000e820  PowerCC32XX_module               
2000e98c  parkInfo                         
2000ea84  SemaphoreP_defaultParams         
2000ea8c  HwiP_key                         
2000ea90  HwiP_swiPIntNum                  
2000ea94  ClockP_tickPeriod                
2000eaa0  PowerCC32XX_contextSave          
2000ebcc  pwmTimerCC32XXObjects            
2000ec18  ClockP_ctrl                      
2000ec40  __TI_static_base__               
2000ecf0  __TI_Handler_Table_Base          
2000ecfc  __TI_Handler_Table_Limit         
2000ed08  __TI_CINIT_Base                  
2000ed18  __TI_CINIT_Limit                 
ffffffff  __TI_pprof_out_hndl              
ffffffff  __TI_prof_data_size              
ffffffff  __TI_prof_data_start             
ffffffff  __binit__                        
ffffffff  __c_args__                       
ffffffff  binit                            
UNDEFED   ITM_flush                        
UNDEFED   ITM_restore                      
UNDEFED   __mpu_init                       
UNDEFED   _system_post_cinit               

[149 symbols]
